Running apply_card_effect...
LOG: [Passiva Matador da PÝton] Aplicou Veneno no alvo.
LOG: Causou 6 de dano perfurante (Ignorou DEF).
Result: True
python : F
No linha:1 caractere:1
+ python -u -m 
unittest tests.test_ap
olo_adjustments.TestAp
oloAdjustmen ...
+ ~~~~~~~~~~~~~~~~~~~~
~~~~~~~~~~~~~~~~~~~~~~
~~~~~~~~~~~~~~~~~~~~~~
~~~~~
    + CategoryInfo    
          : NotSpeci  
  fied: (F:String)    
 [], RemoteExcepti    
on
    + FullyQualifiedE 
   rrorId : NativeCo  
  mmandError
 
======================
======================
======================
====
FAIL: test_passive_pyt
hon_killer_energy_gain
 (tests.test_apolo_adj
ustments.TestApoloAdju
stments.test_passive_p
ython_killer_energy_ga
in)
----------------------
----------------------
----------------------
----
Traceback (most 
recent call last):
  File "C:\Users\khend
ry.mendonca\OneDrive 
- TORP INDUSTRIA 
TEXTIL LTDA\Projeto\pa
ntheon_arena\tests\tes
t_apolo_adjustments.py
", line 86, in test_pa
ssive_python_killer_en
ergy_gain
    self.assertTrue(se
lf.apolo.has_effect('e
nergy_next_turn'), 
"Deve ganhar flag de 
energia extra")
    ~~~~~~~~~~~~~~~^^^
^^^^^^^^^^^^^^^^^^^^^^
^^^^^^^^^^^^^^^^^^^^^^
^^^^^^^^^^^^^^^^^^^^^^
^^^^^^^^^^^
AssertionError: False 
is not true : Deve 
ganhar flag de 
energia extra

----------------------
----------------------
----------------------
----
Ran 1 test in 0.001s

FAILED (failures=1)
